=== STDOUT ===
Base etudiante operationnelle. Pret pour TP2 EDA.
Shape: (4424, 22)

--- Resume numerique ---
           age  study_hours_per_week  ...  stress_index  engagement_score
count  4424.00               4424.00  ...       4424.00           4424.00
mean     23.27                 17.01  ...         44.55             83.68
std       7.59                  6.14  ...         15.46             24.88
min      17.00                  2.00  ...         12.10              3.81
25%      19.00                 13.20  ...         33.40             70.65
50%      20.00                 17.70  ...         40.50             90.34
75%      25.00                 21.22  ...         53.10            100.88
max      70.00                 28.00  ...         95.00            131.40

[8 rows x 9 columns]

--- Repartition du risque ---
dropout_risk
False    3003
True     1421
Name: count, dtype: int64

--- Bourse x Risque (counts) ---
dropout_risk  False  True   All
scholarship                    
False          2038  1287  3325
True            965   134  1099
All            3003  1421  4424

--- Bourse x Risque (rates) ---
dropout_risk     False     True 
scholarship                     
False         0.612932  0.387068
True          0.878071  0.121929

--- Profil moyen par programme ---
                                      attendance_rate  ...  dropout_rate
program                                                ...              
Advertising and Marketing Management           79.729  ...         0.354
Agronomy                                       74.774  ...         0.410
Animation and Multimedia Design                56.926  ...         0.381
Basic Education                                80.858  ...         0.443
Biofuel Production Technologies                66.633  ...         0.667
Communication Design                           85.056  ...         0.226
Equinculture                                   70.996  ...         0.553
Informatics Engineering                        66.572  ...         0.541
Journalism and Communication                   83.675  ...         0.305
Management                                     76.020  ...         0.353
Management (Evening)                           74.750  ...         0.507
Nursing                                        86.237  ...         0.154
Oral Hygiene                                   77.199  ...         0.384
Social Service                                 83.933  ...         0.183
Social Service (Evening)                       80.081  ...         0.330
Tourism                                        77.610  ...         0.381
Veterinary Nursing                             77.959  ...         0.267

[17 rows x 5 columns]

--- Taux de risque par semestre ---
semester
1    42.78
2    31.67
Name: dropout_rate_pct, dtype: float64

--- Correlation apprentissage ---
                       study_hours_per_week  ...  engagement_score
study_hours_per_week                  1.000  ...             0.920
lms_sessions_week                     0.704  ...             0.753
attendance_rate                       0.744  ...             0.877
assignment_delay_days                -0.168  ...            -0.424
prior_average                         0.028  ...             0.028
continuous_assessment                 0.708  ...             0.779
stress_index                         -0.596  ...            -0.711
engagement_score                      0.920  ...             1.000

[8 rows x 8 columns]

Correlation la plus forte (hors diagonale):
study_hours_per_week <-> engagement_score: 0.920

Fichiers sauvegardes:
- data/processed/tp2_student_numeric_summary.csv
- data/processed/tp2_dropout_counts.csv
- data/processed/tp2_scholarship_dropout_crosstab.csv
- data/processed/tp2_scholarship_dropout_rates.csv
- data/processed/tp2_program_profiles.csv
- data/processed/tp2_semester_dropout_rates.csv
- data/processed/tp2_learning_correlation.csv

=== STDERR ===
