=== STDOUT ===
Train shape: (3539, 36)
Test shape: (885, 36)

Cross-validation summary:
                    model      cv_strategy  ...  roc_auc_mean  roc_auc_std
0  baseline_most_frequent  StratifiedKFold  ...        0.5000       0.0000
1     logistic_regression  StratifiedKFold  ...        0.9027       0.0115
2           random_forest  StratifiedKFold  ...        0.9002       0.0133

[3 rows x 13 columns]

Metrics:
                    model  accuracy  precision  recall      f1  roc_auc
0  baseline_most_frequent    0.6791     0.0000  0.0000  0.0000      NaN
1     logistic_regression    0.8508     0.7484  0.8063  0.7763   0.9094
2           random_forest    0.8565     0.8153  0.7148  0.7617   0.9094

Top 10 features:
                    feature  importance
7           attendance_rate      0.1671
17  academic_pressure_index      0.1453
15         engagement_score      0.1119
11             stress_index      0.0993
5      study_hours_per_week      0.0805
6         lms_sessions_week      0.0534
10    continuous_assessment      0.0532
16          grade_trend_gap      0.0484
4           commute_minutes      0.0416
1                       age      0.0384

Saved:
- data/processed/tp3_model_metrics.csv
- data/processed/tp3_cross_validation_metrics.csv
- data/processed/tp3_feature_importance.csv
- data/processed/tp3_predictions_sample.csv
- report/assets/tp3_student_dashboard.html

=== STDERR ===
